
Table 1 : anger Niter = 10000 Alpha = 0.050000 
Cond1         Cond2         Corr1  Corr2  Corr12 |    diff   p_value
Full model    Without FC    0.768  0.770  0.993  | -0.0021   0.4220  
Full model    Without FC    0.768  0.765  0.992  |  0.0037   0.1599  
Full model    Without FC    0.772  0.771  0.994  |  0.0016   0.5467  
Full model    Without FC    0.766  0.769  0.994  | -0.0029   0.2122  
Full model    Without FC    0.773  0.773  0.994  | -0.0000   0.9871  
Full model    Without FC    0.770  0.770  0.995  | -0.0003   0.9070  
Full model    Without FC    0.769  0.767  0.993  |  0.0013   0.6129  
Full model    Without FC    0.773  0.774  0.993  | -0.0013   0.6079  
Full model    Without FC    0.771  0.769  0.995  |  0.0015   0.4568  
Full model    Without FC    0.773  0.772  0.993  |  0.0006   0.8278  
Full model    Without FC    0.775  0.773  0.993  |  0.0012   0.6397  
Full model    Without FC    0.771  0.769  0.994  |  0.0018   0.4711  
Full model    Without FC    0.769  0.769  0.993  |  0.0008   0.7273  
Full model    Without FC    0.770  0.767  0.994  |  0.0033   0.2005  
Full model    Without FC    0.769  0.770  0.993  | -0.0008   0.7600  
Full model    Without FC    0.776  0.770  0.994  |  0.0059   0.0103  
Full model    Without FC    0.769  0.766  0.994  |  0.0021   0.3550  
Full model    Without FC    0.772  0.772  0.993  | -0.0006   0.8058  
Full model    Without FC    0.770  0.769  0.995  |  0.0014   0.5052  
Full model    Without FC    0.769  0.766  0.994  |  0.0033   0.1549  
Full model    Without CNN   0.768  0.758  0.961  |  0.0100   0.1066  
Full model    Without CNN   0.768  0.747  0.959  |  0.0215   0.0004  
Full model    Without CNN   0.772  0.756  0.958  |  0.0162   0.0062  
Full model    Without CNN   0.766  0.752  0.961  |  0.0141   0.0137  
Full model    Without CNN   0.773  0.756  0.959  |  0.0167   0.0061  
Full model    Without CNN   0.770  0.759  0.962  |  0.0114   0.0532  
Full model    Without CNN   0.769  0.757  0.957  |  0.0115   0.0555  
Full model    Without CNN   0.773  0.759  0.963  |  0.0140   0.0103  
Full model    Without CNN   0.771  0.755  0.961  |  0.0154   0.0130  
Full model    Without CNN   0.773  0.759  0.959  |  0.0134   0.0167  
Full model    Without CNN   0.775  0.757  0.962  |  0.0178   0.0017  
Full model    Without CNN   0.771  0.756  0.962  |  0.0148   0.0081  
Full model    Without CNN   0.769  0.756  0.961  |  0.0131   0.0170  
Full model    Without CNN   0.770  0.755  0.960  |  0.0152   0.0062  
Full model    Without CNN   0.769  0.753  0.958  |  0.0153   0.0127  
Full model    Without CNN   0.776  0.757  0.958  |  0.0187   0.0023  
Full model    Without CNN   0.769  0.748  0.959  |  0.0201   0.0015  
Full model    Without CNN   0.772  0.757  0.961  |  0.0151   0.0074  
Full model    Without CNN   0.770  0.757  0.961  |  0.0130   0.0311  
Full model    Without CNN   0.769  0.754  0.958  |  0.0154   0.0104  
Full model    Without LE    0.768  0.695  0.907  |  0.0737   0.0001  
Full model    Without LE    0.768  0.691  0.905  |  0.0777   0.0001  
Full model    Without LE    0.772  0.694  0.908  |  0.0783   0.0001  
Full model    Without LE    0.766  0.698  0.914  |  0.0681   0.0001  
Full model    Without LE    0.773  0.697  0.908  |  0.0756   0.0001  
Full model    Without LE    0.770  0.689  0.907  |  0.0808   0.0001  
Full model    Without LE    0.769  0.687  0.899  |  0.0822   0.0001  
Full model    Without LE    0.773  0.694  0.904  |  0.0789   0.0001  
Full model    Without LE    0.771  0.701  0.908  |  0.0692   0.0001  
Full model    Without LE    0.773  0.693  0.905  |  0.0800   0.0001  
Full model    Without LE    0.775  0.700  0.901  |  0.0745   0.0001  
Full model    Without LE    0.771  0.692  0.902  |  0.0793   0.0001  
Full model    Without LE    0.769  0.698  0.907  |  0.0715   0.0001  
Full model    Without LE    0.770  0.692  0.903  |  0.0774   0.0001  
Full model    Without LE    0.769  0.697  0.909  |  0.0721   0.0001  
Full model    Without LE    0.776  0.701  0.905  |  0.0746   0.0001  
Full model    Without LE    0.769  0.699  0.906  |  0.0693   0.0001  
Full model    Without LE    0.772  0.693  0.909  |  0.0786   0.0001  
Full model    Without LE    0.770  0.700  0.910  |  0.0703   0.0001  
Full model    Without LE    0.769  0.687  0.906  |  0.0823   0.0001  
Without FC    Without CNN   0.770  0.758  0.958  |  0.0121   0.0412  
Without FC    Without CNN   0.765  0.747  0.957  |  0.0178   0.0031  
Without FC    Without CNN   0.771  0.756  0.959  |  0.0147   0.0128  
Without FC    Without CNN   0.769  0.752  0.962  |  0.0170   0.0029  
Without FC    Without CNN   0.773  0.756  0.957  |  0.0167   0.0058  
Without FC    Without CNN   0.770  0.759  0.962  |  0.0117   0.0513  
Without FC    Without CNN   0.767  0.757  0.958  |  0.0102   0.1027  
Without FC    Without CNN   0.774  0.759  0.963  |  0.0153   0.0041  
Without FC    Without CNN   0.769  0.755  0.958  |  0.0138   0.0271  
Without FC    Without CNN   0.772  0.759  0.959  |  0.0128   0.0260  
Without FC    Without CNN   0.773  0.757  0.961  |  0.0166   0.0040  
Without FC    Without CNN   0.769  0.756  0.960  |  0.0130   0.0235  
Without FC    Without CNN   0.769  0.756  0.962  |  0.0123   0.0257  
Without FC    Without CNN   0.767  0.755  0.959  |  0.0118   0.0444  
Without FC    Without CNN   0.770  0.753  0.956  |  0.0160   0.0101  
Without FC    Without CNN   0.770  0.757  0.958  |  0.0128   0.0262  
Without FC    Without CNN   0.766  0.748  0.959  |  0.0180   0.0047  
Without FC    Without CNN   0.772  0.757  0.961  |  0.0156   0.0034  
Without FC    Without CNN   0.769  0.757  0.959  |  0.0116   0.0624  
Without FC    Without CNN   0.766  0.754  0.959  |  0.0121   0.0370  
Without FC    Without LE    0.770  0.695  0.909  |  0.0759   0.0001  
Without FC    Without LE    0.765  0.691  0.901  |  0.0740   0.0001  
Without FC    Without LE    0.771  0.694  0.904  |  0.0768   0.0001  
Without FC    Without LE    0.769  0.698  0.913  |  0.0710   0.0001  
Without FC    Without LE    0.773  0.697  0.911  |  0.0756   0.0001  
Without FC    Without LE    0.770  0.689  0.908  |  0.0811   0.0001  
Without FC    Without LE    0.767  0.687  0.899  |  0.0809   0.0001  
Without FC    Without LE    0.774  0.694  0.905  |  0.0802   0.0001  
Without FC    Without LE    0.769  0.701  0.909  |  0.0677   0.0001  
Without FC    Without LE    0.772  0.693  0.904  |  0.0793   0.0001  
Without FC    Without LE    0.773  0.700  0.904  |  0.0733   0.0001  
Without FC    Without LE    0.769  0.692  0.903  |  0.0775   0.0001  
Without FC    Without LE    0.769  0.698  0.911  |  0.0707   0.0001  
Without FC    Without LE    0.767  0.692  0.909  |  0.0741   0.0001  
Without FC    Without LE    0.770  0.697  0.910  |  0.0729   0.0001  
Without FC    Without LE    0.770  0.701  0.905  |  0.0687   0.0001  
Without FC    Without LE    0.766  0.699  0.908  |  0.0672   0.0001  
Without FC    Without LE    0.772  0.693  0.912  |  0.0792   0.0001  
Without FC    Without LE    0.769  0.700  0.908  |  0.0689   0.0001  
Without FC    Without LE    0.766  0.687  0.906  |  0.0790   0.0001  
Without CNN   Without LE    0.758  0.695  0.837  |  0.0638   0.0001  
Without CNN   Without LE    0.747  0.691  0.826  |  0.0562   0.0001  
Without CNN   Without LE    0.756  0.694  0.830  |  0.0621   0.0001  
Without CNN   Without LE    0.752  0.698  0.843  |  0.0540   0.0001  
Without CNN   Without LE    0.756  0.697  0.832  |  0.0590   0.0001  
Without CNN   Without LE    0.759  0.689  0.835  |  0.0694   0.0001  
Without CNN   Without LE    0.757  0.687  0.814  |  0.0707   0.0001  
Without CNN   Without LE    0.759  0.694  0.834  |  0.0649   0.0001  
Without CNN   Without LE    0.755  0.701  0.836  |  0.0538   0.0001  
Without CNN   Without LE    0.759  0.693  0.833  |  0.0665   0.0001  
Without CNN   Without LE    0.757  0.700  0.829  |  0.0567   0.0001  
Without CNN   Without LE    0.756  0.692  0.829  |  0.0645   0.0001  
Without CNN   Without LE    0.756  0.698  0.842  |  0.0584   0.0001  
Without CNN   Without LE    0.755  0.692  0.827  |  0.0623   0.0001  
Without CNN   Without LE    0.753  0.697  0.834  |  0.0568   0.0001  
Without CNN   Without LE    0.757  0.701  0.826  |  0.0560   0.0001  
Without CNN   Without LE    0.748  0.699  0.837  |  0.0493   0.0004  
Without CNN   Without LE    0.757  0.693  0.839  |  0.0636   0.0001  
Without CNN   Without LE    0.757  0.700  0.836  |  0.0573   0.0001  
Without CNN   Without LE    0.754  0.687  0.832  |  0.0670   0.0001  

Table 2 : fear Niter = 10000 Alpha = 0.050000 
Cond1         Cond2         Corr1  Corr2  Corr12 |    diff   p_value
Full model    Without FC    0.793  0.792  0.994  |  0.0001   0.9559  
Full model    Without FC    0.800  0.797  0.993  |  0.0025   0.2831  
Full model    Without FC    0.799  0.796  0.993  |  0.0025   0.2370  
Full model    Without FC    0.799  0.797  0.994  |  0.0017   0.3511  
Full model    Without FC    0.795  0.792  0.991  |  0.0028   0.3195  
Full model    Without FC    0.790  0.787  0.993  |  0.0026   0.2266  
Full model    Without FC    0.793  0.797  0.992  | -0.0042   0.0543  
Full model    Without FC    0.794  0.795  0.993  | -0.0012   0.5575  
Full model    Without FC    0.794  0.793  0.993  |  0.0005   0.8409  
Full model    Without FC    0.799  0.797  0.993  |  0.0014   0.5017  
Full model    Without FC    0.793  0.790  0.992  |  0.0029   0.2030  
Full model    Without FC    0.793  0.794  0.993  | -0.0008   0.7137  
Full model    Without FC    0.799  0.794  0.993  |  0.0044   0.0562  
Full model    Without FC    0.793  0.794  0.993  | -0.0015   0.4572  
Full model    Without FC    0.797  0.796  0.993  |  0.0012   0.6367  
Full model    Without FC    0.792  0.792  0.993  | -0.0002   0.9064  
Full model    Without FC    0.795  0.795  0.994  | -0.0003   0.9022  
Full model    Without FC    0.798  0.799  0.994  | -0.0009   0.6633  
Full model    Without FC    0.790  0.791  0.993  | -0.0008   0.7279  
Full model    Without FC    0.795  0.793  0.990  |  0.0024   0.3742  
Full model    Without CNN   0.793  0.767  0.952  |  0.0256   0.0001  
Full model    Without CNN   0.800  0.773  0.950  |  0.0267   0.0001  
Full model    Without CNN   0.799  0.773  0.955  |  0.0259   0.0001  
Full model    Without CNN   0.799  0.775  0.954  |  0.0236   0.0001  
Full model    Without CNN   0.795  0.773  0.947  |  0.0219   0.0004  
Full model    Without CNN   0.790  0.769  0.952  |  0.0211   0.0003  
Full model    Without CNN   0.793  0.768  0.952  |  0.0249   0.0001  
Full model    Without CNN   0.794  0.770  0.954  |  0.0242   0.0001  
Full model    Without CNN   0.794  0.771  0.953  |  0.0228   0.0001  
Full model    Without CNN   0.799  0.773  0.951  |  0.0263   0.0001  
Full model    Without CNN   0.793  0.767  0.952  |  0.0263   0.0001  
Full model    Without CNN   0.793  0.773  0.953  |  0.0201   0.0003  
Full model    Without CNN   0.799  0.769  0.954  |  0.0293   0.0001  
Full model    Without CNN   0.793  0.770  0.953  |  0.0228   0.0001  
Full model    Without CNN   0.797  0.773  0.953  |  0.0238   0.0001  
Full model    Without CNN   0.792  0.770  0.952  |  0.0220   0.0007  
Full model    Without CNN   0.795  0.773  0.953  |  0.0218   0.0003  
Full model    Without CNN   0.798  0.778  0.954  |  0.0196   0.0004  
Full model    Without CNN   0.790  0.772  0.955  |  0.0186   0.0004  
Full model    Without CNN   0.795  0.774  0.950  |  0.0210   0.0006  
Full model    Without LE    0.793  0.750  0.918  |  0.0424   0.0001  
Full model    Without LE    0.800  0.752  0.923  |  0.0471   0.0001  
Full model    Without LE    0.799  0.752  0.913  |  0.0461   0.0001  
Full model    Without LE    0.799  0.753  0.916  |  0.0460   0.0001  
Full model    Without LE    0.795  0.745  0.915  |  0.0505   0.0001  
Full model    Without LE    0.790  0.744  0.919  |  0.0458   0.0001  
Full model    Without LE    0.793  0.743  0.919  |  0.0506   0.0001  
Full model    Without LE    0.794  0.738  0.909  |  0.0562   0.0001  
Full model    Without LE    0.794  0.745  0.912  |  0.0490   0.0001  
Full model    Without LE    0.799  0.746  0.916  |  0.0531   0.0001  
Full model    Without LE    0.793  0.742  0.912  |  0.0515   0.0001  
Full model    Without LE    0.793  0.744  0.915  |  0.0491   0.0001  
Full model    Without LE    0.799  0.756  0.920  |  0.0421   0.0001  
Full model    Without LE    0.793  0.753  0.921  |  0.0399   0.0001  
Full model    Without LE    0.797  0.747  0.918  |  0.0502   0.0001  
Full model    Without LE    0.792  0.744  0.917  |  0.0477   0.0001  
Full model    Without LE    0.795  0.745  0.911  |  0.0504   0.0001  
Full model    Without LE    0.798  0.754  0.921  |  0.0435   0.0001  
Full model    Without LE    0.790  0.739  0.911  |  0.0513   0.0001  
Full model    Without LE    0.795  0.746  0.915  |  0.0496   0.0001  
Without FC    Without CNN   0.792  0.767  0.952  |  0.0255   0.0001  
Without FC    Without CNN   0.797  0.773  0.950  |  0.0242   0.0001  
Without FC    Without CNN   0.796  0.773  0.954  |  0.0233   0.0001  
Without FC    Without CNN   0.797  0.775  0.954  |  0.0219   0.0002  
Without FC    Without CNN   0.792  0.773  0.950  |  0.0192   0.0008  
Without FC    Without CNN   0.787  0.769  0.953  |  0.0185   0.0027  
Without FC    Without CNN   0.797  0.768  0.953  |  0.0291   0.0001  
Without FC    Without CNN   0.795  0.770  0.953  |  0.0254   0.0001  
Without FC    Without CNN   0.793  0.771  0.952  |  0.0224   0.0005  
Without FC    Without CNN   0.797  0.773  0.951  |  0.0249   0.0001  
Without FC    Without CNN   0.790  0.767  0.950  |  0.0234   0.0001  
Without FC    Without CNN   0.794  0.773  0.953  |  0.0209   0.0001  
Without FC    Without CNN   0.794  0.769  0.953  |  0.0249   0.0001  
Without FC    Without CNN   0.794  0.770  0.952  |  0.0243   0.0001  
Without FC    Without CNN   0.796  0.773  0.951  |  0.0227   0.0001  
Without FC    Without CNN   0.792  0.770  0.955  |  0.0222   0.0001  
Without FC    Without CNN   0.795  0.773  0.955  |  0.0221   0.0001  
Without FC    Without CNN   0.799  0.778  0.954  |  0.0204   0.0001  
Without FC    Without CNN   0.791  0.772  0.957  |  0.0194   0.0003  
Without FC    Without CNN   0.793  0.774  0.950  |  0.0186   0.0024  
Without FC    Without LE    0.792  0.750  0.919  |  0.0423   0.0001  
Without FC    Without LE    0.797  0.752  0.919  |  0.0445   0.0001  
Without FC    Without LE    0.796  0.752  0.914  |  0.0436   0.0001  
Without FC    Without LE    0.797  0.753  0.917  |  0.0443   0.0001  
Without FC    Without LE    0.792  0.745  0.911  |  0.0477   0.0001  
Without FC    Without LE    0.787  0.744  0.918  |  0.0431   0.0001  
Without FC    Without LE    0.797  0.743  0.918  |  0.0548   0.0001  
Without FC    Without LE    0.795  0.738  0.911  |  0.0574   0.0001  
Without FC    Without LE    0.793  0.745  0.915  |  0.0485   0.0001  
Without FC    Without LE    0.797  0.746  0.913  |  0.0516   0.0001  
Without FC    Without LE    0.790  0.742  0.914  |  0.0486   0.0001  
Without FC    Without LE    0.794  0.744  0.914  |  0.0498   0.0001  
Without FC    Without LE    0.794  0.756  0.917  |  0.0377   0.0001  
Without FC    Without LE    0.794  0.753  0.922  |  0.0414   0.0001  
Without FC    Without LE    0.796  0.747  0.915  |  0.0490   0.0001  
Without FC    Without LE    0.792  0.744  0.915  |  0.0479   0.0001  
Without FC    Without LE    0.795  0.745  0.913  |  0.0507   0.0001  
Without FC    Without LE    0.799  0.754  0.919  |  0.0444   0.0001  
Without FC    Without LE    0.791  0.739  0.909  |  0.0520   0.0001  
Without FC    Without LE    0.793  0.746  0.919  |  0.0473   0.0001  
Without CNN   Without LE    0.767  0.750  0.829  |  0.0168   0.1609  
Without CNN   Without LE    0.773  0.752  0.832  |  0.0203   0.0950  
Without CNN   Without LE    0.773  0.752  0.827  |  0.0203   0.0861  
Without CNN   Without LE    0.775  0.753  0.832  |  0.0223   0.0612  
Without CNN   Without LE    0.773  0.745  0.820  |  0.0286   0.0193  
Without CNN   Without LE    0.769  0.744  0.829  |  0.0246   0.0434  
Without CNN   Without LE    0.768  0.743  0.831  |  0.0256   0.0370  
Without CNN   Without LE    0.770  0.738  0.821  |  0.0320   0.0101  
Without CNN   Without LE    0.771  0.745  0.826  |  0.0262   0.0324  
Without CNN   Without LE    0.773  0.746  0.828  |  0.0267   0.0255  
Without CNN   Without LE    0.767  0.742  0.821  |  0.0252   0.0502  
Without CNN   Without LE    0.773  0.744  0.827  |  0.0289   0.0152  
Without CNN   Without LE    0.769  0.756  0.834  |  0.0128   0.2672  
Without CNN   Without LE    0.770  0.753  0.840  |  0.0171   0.1382  
Without CNN   Without LE    0.773  0.747  0.825  |  0.0263   0.0291  
Without CNN   Without LE    0.770  0.744  0.827  |  0.0257   0.0361  
Without CNN   Without LE    0.773  0.745  0.827  |  0.0286   0.0201  
Without CNN   Without LE    0.778  0.754  0.833  |  0.0239   0.0331  
Without CNN   Without LE    0.772  0.739  0.826  |  0.0326   0.0063  
Without CNN   Without LE    0.774  0.746  0.830  |  0.0286   0.0185  

Table 3 : joy Niter = 10000 Alpha = 0.050000 
Cond1         Cond2         Corr1  Corr2  Corr12 |    diff   p_value
Full model    Without FC    0.795  0.796  0.994  | -0.0008   0.7493  
Full model    Without FC    0.799  0.804  0.994  | -0.0046   0.0469  
Full model    Without FC    0.802  0.801  0.994  |  0.0014   0.5516  
Full model    Without FC    0.806  0.800  0.993  |  0.0054   0.0315  
Full model    Without FC    0.803  0.802  0.995  |  0.0007   0.7676  
Full model    Without FC    0.799  0.802  0.995  | -0.0026   0.2444  
Full model    Without FC    0.800  0.800  0.994  |  0.0002   0.9288  
Full model    Without FC    0.805  0.801  0.994  |  0.0034   0.1597  
Full model    Without FC    0.802  0.802  0.993  |  0.0005   0.8262  
Full model    Without FC    0.797  0.799  0.993  | -0.0017   0.4917  
Full model    Without FC    0.800  0.802  0.994  | -0.0024   0.3412  
Full model    Without FC    0.804  0.806  0.994  | -0.0026   0.2816  
Full model    Without FC    0.800  0.801  0.994  | -0.0003   0.8991  
Full model    Without FC    0.804  0.804  0.994  |  0.0001   0.9779  
Full model    Without FC    0.803  0.806  0.994  | -0.0030   0.1747  
Full model    Without FC    0.804  0.805  0.993  | -0.0011   0.6355  
Full model    Without FC    0.799  0.799  0.994  |  0.0009   0.7008  
Full model    Without FC    0.798  0.803  0.993  | -0.0049   0.0403  
Full model    Without FC    0.806  0.803  0.993  |  0.0029   0.2586  
Full model    Without FC    0.805  0.804  0.995  |  0.0013   0.5066  
Full model    Without CNN   0.795  0.789  0.967  |  0.0064   0.2408  
Full model    Without CNN   0.799  0.787  0.964  |  0.0125   0.0320  
Full model    Without CNN   0.802  0.789  0.968  |  0.0132   0.0201  
Full model    Without CNN   0.806  0.794  0.964  |  0.0116   0.0631  
Full model    Without CNN   0.803  0.795  0.968  |  0.0074   0.1683  
Full model    Without CNN   0.799  0.791  0.965  |  0.0082   0.1493  
Full model    Without CNN   0.800  0.791  0.969  |  0.0090   0.1072  
Full model    Without CNN   0.805  0.793  0.965  |  0.0120   0.0347  
Full model    Without CNN   0.802  0.791  0.963  |  0.0115   0.0553  
Full model    Without CNN   0.797  0.787  0.964  |  0.0101   0.0808  
Full model    Without CNN   0.800  0.792  0.966  |  0.0081   0.1484  
Full model    Without CNN   0.804  0.792  0.963  |  0.0116   0.0423  
Full model    Without CNN   0.800  0.791  0.967  |  0.0093   0.1080  
Full model    Without CNN   0.804  0.795  0.967  |  0.0092   0.0796  
Full model    Without CNN   0.803  0.796  0.966  |  0.0073   0.1755  
Full model    Without CNN   0.804  0.795  0.963  |  0.0088   0.1709  
Full model    Without CNN   0.799  0.781  0.962  |  0.0183   0.0032  
Full model    Without CNN   0.798  0.792  0.962  |  0.0063   0.2930  
Full model    Without CNN   0.806  0.794  0.965  |  0.0120   0.0372  
Full model    Without CNN   0.805  0.792  0.966  |  0.0134   0.0277  
Full model    Without LE    0.795  0.704  0.891  |  0.0912   0.0001  
Full model    Without LE    0.799  0.710  0.887  |  0.0891   0.0001  
Full model    Without LE    0.802  0.715  0.887  |  0.0868   0.0001  
Full model    Without LE    0.806  0.712  0.892  |  0.0936   0.0001  
Full model    Without LE    0.803  0.715  0.899  |  0.0879   0.0001  
Full model    Without LE    0.799  0.702  0.885  |  0.0966   0.0001  
Full model    Without LE    0.800  0.713  0.888  |  0.0870   0.0001  
Full model    Without LE    0.805  0.712  0.888  |  0.0927   0.0001  
Full model    Without LE    0.802  0.704  0.893  |  0.0988   0.0001  
Full model    Without LE    0.797  0.691  0.878  |  0.1066   0.0001  
Full model    Without LE    0.800  0.713  0.891  |  0.0871   0.0001  
Full model    Without LE    0.804  0.710  0.891  |  0.0936   0.0001  
Full model    Without LE    0.800  0.710  0.892  |  0.0904   0.0001  
Full model    Without LE    0.804  0.720  0.894  |  0.0842   0.0001  
Full model    Without LE    0.803  0.705  0.884  |  0.0975   0.0001  
Full model    Without LE    0.804  0.711  0.888  |  0.0927   0.0001  
Full model    Without LE    0.799  0.712  0.895  |  0.0877   0.0001  
Full model    Without LE    0.798  0.708  0.891  |  0.0903   0.0001  
Full model    Without LE    0.806  0.715  0.895  |  0.0908   0.0001  
Full model    Without LE    0.805  0.707  0.890  |  0.0977   0.0001  
Without FC    Without CNN   0.796  0.789  0.966  |  0.0072   0.1983  
Without FC    Without CNN   0.804  0.787  0.965  |  0.0171   0.0020  
Without FC    Without CNN   0.801  0.789  0.963  |  0.0119   0.0607  
Without FC    Without CNN   0.800  0.794  0.963  |  0.0061   0.3341  
Without FC    Without CNN   0.802  0.795  0.966  |  0.0067   0.2187  
Without FC    Without CNN   0.802  0.791  0.968  |  0.0109   0.0537  
Without FC    Without CNN   0.800  0.791  0.965  |  0.0089   0.1265  
Without FC    Without CNN   0.801  0.793  0.967  |  0.0085   0.1199  
Without FC    Without CNN   0.802  0.791  0.962  |  0.0109   0.0654  
Without FC    Without CNN   0.799  0.787  0.963  |  0.0118   0.0453  
Without FC    Without CNN   0.802  0.792  0.968  |  0.0104   0.0514  
Without FC    Without CNN   0.806  0.792  0.963  |  0.0142   0.0096  
Without FC    Without CNN   0.801  0.791  0.967  |  0.0097   0.0883  
Without FC    Without CNN   0.804  0.795  0.968  |  0.0091   0.0842  
Without FC    Without CNN   0.806  0.796  0.966  |  0.0102   0.0521  
Without FC    Without CNN   0.805  0.795  0.961  |  0.0098   0.1225  
Without FC    Without CNN   0.799  0.781  0.965  |  0.0174   0.0034  
Without FC    Without CNN   0.803  0.792  0.966  |  0.0113   0.0527  
Without FC    Without CNN   0.803  0.794  0.966  |  0.0091   0.1275  
Without FC    Without CNN   0.804  0.792  0.968  |  0.0121   0.0304  
Without FC    Without LE    0.796  0.704  0.890  |  0.0920   0.0001  
Without FC    Without LE    0.804  0.710  0.887  |  0.0937   0.0001  
Without FC    Without LE    0.801  0.715  0.893  |  0.0854   0.0001  
Without FC    Without LE    0.800  0.712  0.891  |  0.0882   0.0001  
Without FC    Without LE    0.802  0.715  0.896  |  0.0872   0.0001  
Without FC    Without LE    0.802  0.702  0.883  |  0.0992   0.0001  
Without FC    Without LE    0.800  0.713  0.895  |  0.0868   0.0001  
Without FC    Without LE    0.801  0.712  0.887  |  0.0893   0.0001  
Without FC    Without LE    0.802  0.704  0.888  |  0.0983   0.0001  
Without FC    Without LE    0.799  0.691  0.883  |  0.1083   0.0001  
Without FC    Without LE    0.802  0.713  0.891  |  0.0895   0.0001  
Without FC    Without LE    0.806  0.710  0.893  |  0.0962   0.0001  
Without FC    Without LE    0.801  0.710  0.893  |  0.0908   0.0001  
Without FC    Without LE    0.804  0.720  0.895  |  0.0841   0.0001  
Without FC    Without LE    0.806  0.705  0.887  |  0.1004   0.0001  
Without FC    Without LE    0.805  0.711  0.885  |  0.0938   0.0001  
Without FC    Without LE    0.799  0.712  0.893  |  0.0868   0.0001  
Without FC    Without LE    0.803  0.708  0.887  |  0.0953   0.0001  
Without FC    Without LE    0.803  0.715  0.894  |  0.0879   0.0001  
Without FC    Without LE    0.804  0.707  0.890  |  0.0964   0.0001  
Without CNN   Without LE    0.789  0.704  0.819  |  0.0848   0.0001  
Without CNN   Without LE    0.787  0.710  0.811  |  0.0766   0.0001  
Without CNN   Without LE    0.789  0.715  0.816  |  0.0735   0.0001  
Without CNN   Without LE    0.794  0.712  0.817  |  0.0820   0.0001  
Without CNN   Without LE    0.795  0.715  0.825  |  0.0805   0.0001  
Without CNN   Without LE    0.791  0.702  0.809  |  0.0883   0.0001  
Without CNN   Without LE    0.791  0.713  0.817  |  0.0779   0.0001  
Without CNN   Without LE    0.793  0.712  0.815  |  0.0807   0.0001  
Without CNN   Without LE    0.791  0.704  0.812  |  0.0873   0.0001  
Without CNN   Without LE    0.787  0.691  0.801  |  0.0965   0.0001  
Without CNN   Without LE    0.792  0.713  0.820  |  0.0790   0.0001  
Without CNN   Without LE    0.792  0.710  0.811  |  0.0820   0.0001  
Without CNN   Without LE    0.791  0.710  0.821  |  0.0811   0.0001  
Without CNN   Without LE    0.795  0.720  0.828  |  0.0750   0.0001  
Without CNN   Without LE    0.796  0.705  0.811  |  0.0902   0.0001  
Without CNN   Without LE    0.795  0.711  0.806  |  0.0840   0.0001  
Without CNN   Without LE    0.781  0.712  0.812  |  0.0694   0.0001  
Without CNN   Without LE    0.792  0.708  0.813  |  0.0840   0.0001  
Without CNN   Without LE    0.794  0.715  0.819  |  0.0788   0.0001  
Without CNN   Without LE    0.792  0.707  0.813  |  0.0843   0.0001  

Table 4 : sadness Niter = 10000 Alpha = 0.050000 
Cond1         Cond2         Corr1  Corr2  Corr12 |    diff   p_value
Full model    Without FC    0.766  0.764  0.994  |  0.0025   0.4146  
Full model    Without FC    0.762  0.759  0.993  |  0.0027   0.3412  
Full model    Without FC    0.763  0.761  0.994  |  0.0016   0.5670  
Full model    Without FC    0.764  0.765  0.994  | -0.0013   0.6039  
Full model    Without FC    0.762  0.767  0.992  | -0.0044   0.1089  
Full model    Without FC    0.771  0.768  0.994  |  0.0024   0.3484  
Full model    Without FC    0.767  0.762  0.993  |  0.0052   0.1177  
Full model    Without FC    0.772  0.766  0.994  |  0.0059   0.0153  
Full model    Without FC    0.763  0.765  0.994  | -0.0021   0.4346  
Full model    Without FC    0.765  0.764  0.993  |  0.0003   0.9227  
Full model    Without FC    0.770  0.770  0.993  |  0.0000   0.9904  
Full model    Without FC    0.766  0.763  0.993  |  0.0027   0.3184  
Full model    Without FC    0.765  0.762  0.993  |  0.0033   0.2550  
Full model    Without FC    0.760  0.757  0.993  |  0.0033   0.2403  
Full model    Without FC    0.764  0.764  0.992  |  0.0002   0.9479  
Full model    Without FC    0.760  0.760  0.994  |  0.0004   0.8933  
Full model    Without FC    0.760  0.759  0.994  |  0.0017   0.5230  
Full model    Without FC    0.764  0.763  0.993  |  0.0020   0.4914  
Full model    Without FC    0.762  0.761  0.993  |  0.0019   0.5539  
Full model    Without FC    0.768  0.768  0.993  |  0.0008   0.7569  
Full model    Without CNN   0.766  0.726  0.948  |  0.0405   0.0002  
Full model    Without CNN   0.762  0.719  0.949  |  0.0430   0.0001  
Full model    Without CNN   0.763  0.717  0.949  |  0.0455   0.0001  
Full model    Without CNN   0.764  0.724  0.946  |  0.0400   0.0001  
Full model    Without CNN   0.762  0.711  0.942  |  0.0510   0.0001  
Full model    Without CNN   0.771  0.721  0.949  |  0.0497   0.0001  
Full model    Without CNN   0.767  0.717  0.949  |  0.0503   0.0001  
Full model    Without CNN   0.772  0.727  0.949  |  0.0447   0.0001  
Full model    Without CNN   0.763  0.720  0.948  |  0.0436   0.0001  
Full model    Without CNN   0.765  0.722  0.950  |  0.0426   0.0003  
Full model    Without CNN   0.770  0.735  0.954  |  0.0350   0.0002  
Full model    Without CNN   0.766  0.719  0.950  |  0.0467   0.0001  
Full model    Without CNN   0.765  0.715  0.956  |  0.0503   0.0001  
Full model    Without CNN   0.760  0.720  0.949  |  0.0404   0.0001  
Full model    Without CNN   0.764  0.725  0.948  |  0.0389   0.0001  
Full model    Without CNN   0.760  0.717  0.946  |  0.0433   0.0001  
Full model    Without CNN   0.760  0.718  0.952  |  0.0426   0.0001  
Full model    Without CNN   0.764  0.719  0.949  |  0.0455   0.0001  
Full model    Without CNN   0.762  0.721  0.947  |  0.0413   0.0001  
Full model    Without CNN   0.768  0.718  0.948  |  0.0505   0.0001  
Full model    Without LE    0.766  0.697  0.890  |  0.0690   0.0001  
Full model    Without LE    0.762  0.691  0.889  |  0.0706   0.0001  
Full model    Without LE    0.763  0.702  0.889  |  0.0609   0.0001  
Full model    Without LE    0.764  0.702  0.890  |  0.0611   0.0001  
Full model    Without LE    0.762  0.702  0.892  |  0.0600   0.0001  
Full model    Without LE    0.771  0.712  0.882  |  0.0591   0.0001  
Full model    Without LE    0.767  0.695  0.885  |  0.0720   0.0001  
Full model    Without LE    0.772  0.709  0.888  |  0.0634   0.0001  
Full model    Without LE    0.763  0.692  0.883  |  0.0713   0.0001  
Full model    Without LE    0.765  0.701  0.891  |  0.0636   0.0001  
Full model    Without LE    0.770  0.705  0.891  |  0.0646   0.0001  
Full model    Without LE    0.766  0.690  0.883  |  0.0754   0.0001  
Full model    Without LE    0.765  0.706  0.884  |  0.0595   0.0001  
Full model    Without LE    0.760  0.692  0.888  |  0.0685   0.0001  
Full model    Without LE    0.764  0.692  0.886  |  0.0721   0.0001  
Full model    Without LE    0.760  0.695  0.884  |  0.0656   0.0001  
Full model    Without LE    0.760  0.690  0.891  |  0.0705   0.0001  
Full model    Without LE    0.764  0.696  0.880  |  0.0687   0.0001  
Full model    Without LE    0.762  0.698  0.889  |  0.0643   0.0001  
Full model    Without LE    0.768  0.705  0.886  |  0.0636   0.0001  
Without FC    Without CNN   0.764  0.726  0.950  |  0.0380   0.0001  
Without FC    Without CNN   0.759  0.719  0.949  |  0.0403   0.0001  
Without FC    Without CNN   0.761  0.717  0.952  |  0.0439   0.0001  
Without FC    Without CNN   0.765  0.724  0.946  |  0.0413   0.0001  
Without FC    Without CNN   0.767  0.711  0.941  |  0.0553   0.0001  
Without FC    Without CNN   0.768  0.721  0.948  |  0.0473   0.0001  
Without FC    Without CNN   0.762  0.717  0.952  |  0.0452   0.0001  
Without FC    Without CNN   0.766  0.727  0.951  |  0.0388   0.0001  
Without FC    Without CNN   0.765  0.720  0.948  |  0.0457   0.0001  
Without FC    Without CNN   0.764  0.722  0.949  |  0.0424   0.0001  
Without FC    Without CNN   0.770  0.735  0.952  |  0.0349   0.0002  
Without FC    Without CNN   0.763  0.719  0.951  |  0.0440   0.0001  
Without FC    Without CNN   0.762  0.715  0.955  |  0.0470   0.0001  
Without FC    Without CNN   0.757  0.720  0.950  |  0.0371   0.0002  
Without FC    Without CNN   0.764  0.725  0.949  |  0.0387   0.0001  
Without FC    Without CNN   0.760  0.717  0.950  |  0.0429   0.0001  
Without FC    Without CNN   0.759  0.718  0.952  |  0.0409   0.0001  
Without FC    Without CNN   0.763  0.719  0.947  |  0.0435   0.0001  
Without FC    Without CNN   0.761  0.721  0.947  |  0.0394   0.0001  
Without FC    Without CNN   0.768  0.718  0.948  |  0.0497   0.0001  
Without FC    Without LE    0.764  0.697  0.890  |  0.0665   0.0001  
Without FC    Without LE    0.759  0.691  0.887  |  0.0679   0.0001  
Without FC    Without LE    0.761  0.702  0.891  |  0.0593   0.0001  
Without FC    Without LE    0.765  0.702  0.889  |  0.0625   0.0001  
Without FC    Without LE    0.767  0.702  0.888  |  0.0644   0.0001  
Without FC    Without LE    0.768  0.712  0.882  |  0.0567   0.0001  
Without FC    Without LE    0.762  0.695  0.883  |  0.0668   0.0001  
Without FC    Without LE    0.766  0.709  0.890  |  0.0575   0.0001  
Without FC    Without LE    0.765  0.692  0.882  |  0.0734   0.0001  
Without FC    Without LE    0.764  0.701  0.894  |  0.0633   0.0001  
Without FC    Without LE    0.770  0.705  0.894  |  0.0646   0.0001  
Without FC    Without LE    0.763  0.690  0.883  |  0.0726   0.0001  
Without FC    Without LE    0.762  0.706  0.886  |  0.0562   0.0001  
Without FC    Without LE    0.757  0.692  0.886  |  0.0652   0.0001  
Without FC    Without LE    0.764  0.692  0.879  |  0.0719   0.0001  
Without FC    Without LE    0.760  0.695  0.884  |  0.0653   0.0001  
Without FC    Without LE    0.759  0.690  0.889  |  0.0688   0.0001  
Without FC    Without LE    0.763  0.696  0.882  |  0.0667   0.0001  
Without FC    Without LE    0.761  0.698  0.894  |  0.0625   0.0001  
Without FC    Without LE    0.768  0.705  0.887  |  0.0628   0.0001  
Without CNN   Without LE    0.726  0.697  0.785  |  0.0285   0.1494  
Without CNN   Without LE    0.719  0.691  0.775  |  0.0276   0.1562  
Without CNN   Without LE    0.717  0.702  0.788  |  0.0154   0.4378  
Without CNN   Without LE    0.724  0.702  0.785  |  0.0211   0.2598  
Without CNN   Without LE    0.711  0.702  0.777  |  0.0090   0.6509  
Without CNN   Without LE    0.721  0.712  0.780  |  0.0094   0.6312  
Without CNN   Without LE    0.717  0.695  0.786  |  0.0217   0.2718  
Without CNN   Without LE    0.727  0.709  0.786  |  0.0187   0.3298  
Without CNN   Without LE    0.720  0.692  0.774  |  0.0277   0.1586  
Without CNN   Without LE    0.722  0.701  0.781  |  0.0210   0.2960  
Without CNN   Without LE    0.735  0.705  0.796  |  0.0296   0.1136  
Without CNN   Without LE    0.719  0.690  0.780  |  0.0286   0.1515  
Without CNN   Without LE    0.715  0.706  0.788  |  0.0092   0.6379  
Without CNN   Without LE    0.720  0.692  0.781  |  0.0281   0.1416  
Without CNN   Without LE    0.725  0.692  0.780  |  0.0332   0.0885  
Without CNN   Without LE    0.717  0.695  0.774  |  0.0224   0.2499  
Without CNN   Without LE    0.718  0.690  0.781  |  0.0279   0.1674  
Without CNN   Without LE    0.719  0.696  0.778  |  0.0233   0.2382  
Without CNN   Without LE    0.721  0.698  0.786  |  0.0230   0.2293  
Without CNN   Without LE    0.718  0.705  0.778  |  0.0131   0.4973  
